[27944:10040:0505/101309.244:WARNING:chrome_main_delegate.cc(745)] This is Chrome version 128.0.6613.138 (not a warning)
[27944:10040:0505/101309.306:WARNING:account_consistency_mode_manager.cc(77)] Desktop Identity Consistency cannot be enabled as no OAuth client ID and client secret have been configured.
[27944:10040:0505/101314.966:ERROR:device_event_log_impl.cc(196)] [10:13:14.636] USB: usb_service_win.cc:105 SetupDiGetDeviceProperty({{A45C254E-DF1C-4EFD-8020-67D146A850E0}, 6}) failed: Element not found. (0x490)
[31832:27788:0505/101315.302:WARNING:frame_impl.cc(430)] virtual CefFrameImpl::SendProcessMessage sent to detached frame 5-DFBBA9BC7EDDE320CB067E9A1F163384 will be ignored
[27944:15744:0505/101315.649:WARNING:browser_info.cc(345)] Returning a speculative frame for [7,9]
[27944:10040:0505/101315.721:WARNING:browser_info.cc(345)] Returning a speculative frame for [9,9]
[27944:10040:0505/101315.721:WARNING:browser_info.cc(345)] Returning a speculative frame for [9,9]
[27944:10040:0505/101315.721:WARNING:browser_info.cc(345)] Returning a speculative frame for [9,9]
[27944:10040:0505/101315.721:WARNING:browser_info.cc(345)] Returning a speculative frame for [9,9]
[27944:15744:0505/101315.725:WARNING:browser_info.cc(345)] Returning a speculative frame for [9,9]
[32500:27828:0505/101317.205:WARNING:codec.cc(525)] Explicitly added H264 constrained baseline to list of supported formats.
[32500:27828:0505/101317.442:WARNING:codec.cc(525)] Explicitly added H264 constrained baseline to list of supported formats.
[32500:3768:0505/101317.483:WARNING:codec.cc(525)] Explicitly added H264 constrained baseline to list of supported formats.
[32500:3768:0505/101317.483:WARNING:codec.cc(525)] Explicitly added H264 constrained baseline to list of supported formats.
[32500:3768:0505/101317.487:WARNING:codec.cc(525)] Explicitly added H264 constrained baseline to list of supported formats.
[9760:2124:0505/101317.517:WARNING:host_resolver_dns_task.cc(863)] Address list empty after RFC3484 sort
[9760:2124:0505/101317.541:WARNING:host_resolver_dns_task.cc(863)] Address list empty after RFC3484 sort
[9760:2124:0505/101317.542:ERROR:socket_manager.cc(147)] Failed to resolve address for stun.cloudflare.com., errorcode: -105
[9760:2124:0505/101317.543:ERROR:socket_manager.cc(147)] Failed to resolve address for stun.cloudflare.com., errorcode: -105
[9760:2124:0505/101317.543:ERROR:socket_manager.cc(147)] Failed to resolve address for stun.cloudflare.com., errorcode: -105
[32500:3768:0505/101317.543:WARNING:stun_port.cc(442)] Port[23b9000:0:1:0:host:Net[any:0:0:0:x:x:x:x:x/0:Wildcard:id=0]]: StunPort: stun host lookup received error -1
[32500:3768:0505/101317.543:WARNING:stun_port.cc(442)] Port[23ba800:1:1:0:host:Net[any:0:0:0:x:x:x:x:x/0:Wildcard:id=0]]: StunPort: stun host lookup received error -1
[32500:3768:0505/101317.543:WARNING:stun_port.cc(442)] Port[87a000:2:1:0:host:Net[any:0:0:0:x:x:x:x:x/0:Wildcard:id=0]]: StunPort: stun host lookup received error -1
[27944:15744:0505/101322.512:ERROR:cast_crl.cc(443)] CRL - Verification failed.
[27944:15744:0505/101524.892:WARNING:browser_info.cc(345)] Returning a speculative frame for [10,9]
[27944:10040:0505/101524.933:WARNING:browser_info.cc(345)] Returning a speculative frame for [10,9]
[27944:10040:0505/101524.933:WARNING:browser_info.cc(345)] Returning a speculative frame for [10,9]
[27944:10040:0505/101524.933:WARNING:browser_info.cc(345)] Returning a speculative frame for [10,9]
[27944:10040:0505/101524.933:WARNING:browser_info.cc(345)] Returning a speculative frame for [10,9]
[7072:32628:0505/101527.061:WARNING:codec.cc(525)] Explicitly added H264 constrained baseline to list of supported formats.
[7072:32628:0505/101527.068:WARNING:codec.cc(525)] Explicitly added H264 constrained baseline to list of supported formats.
[7072:31004:0505/101527.074:WARNING:codec.cc(525)] Explicitly added H264 constrained baseline to list of supported formats.
[7072:31004:0505/101527.075:WARNING:codec.cc(525)] Explicitly added H264 constrained baseline to list of supported formats.
[7072:31004:0505/101527.075:WARNING:codec.cc(525)] Explicitly added H264 constrained baseline to list of supported formats.
[9760:2124:0505/101527.105:WARNING:host_resolver_dns_task.cc(863)] Address list empty after RFC3484 sort
[9760:2124:0505/101527.130:WARNING:host_resolver_dns_task.cc(863)] Address list empty after RFC3484 sort
[9760:2124:0505/101527.130:ERROR:socket_manager.cc(147)] Failed to resolve address for stun.cloudflare.com., errorcode: -105
[9760:2124:0505/101527.130:ERROR:socket_manager.cc(147)] Failed to resolve address for stun.cloudflare.com., errorcode: -105
[9760:2124:0505/101527.130:ERROR:socket_manager.cc(147)] Failed to resolve address for stun.cloudflare.com., errorcode: -105
[7072:31004:0505/101527.130:WARNING:stun_port.cc(442)] Port[4efc400:0:1:0:host:Net[any:0:0:0:x:x:x:x:x/0:Wildcard:id=0]]: StunPort: stun host lookup received error -1
[7072:31004:0505/101527.130:WARNING:stun_port.cc(442)] Port[4efcc00:1:1:0:host:Net[any:0:0:0:x:x:x:x:x/0:Wildcard:id=0]]: StunPort: stun host lookup received error -1
[7072:31004:0505/101527.130:WARNING:stun_port.cc(442)] Port[4efd400:2:1:0:host:Net[any:0:0:0:x:x:x:x:x/0:Wildcard:id=0]]: StunPort: stun host lookup received error -1
[27944:15744:0505/101624.269:ERROR:cast_crl.cc(443)] CRL - Verification failed.
[27944:15744:0505/101732.845:WARNING:browser_info.cc(345)] Returning a speculative frame for [14,9]
[27944:10040:0505/101732.878:WARNING:browser_info.cc(345)] Returning a speculative frame for [14,9]
[27944:10040:0505/101732.878:WARNING:browser_info.cc(345)] Returning a speculative frame for [14,9]
[27944:10040:0505/101732.878:WARNING:browser_info.cc(345)] Returning a speculative frame for [14,9]
[27944:10040:0505/101732.878:WARNING:browser_info.cc(345)] Returning a speculative frame for [14,9]
[32544:13748:0505/101734.708:WARNING:codec.cc(525)] Explicitly added H264 constrained baseline to list of supported formats.
[32544:13748:0505/101734.715:WARNING:codec.cc(525)] Explicitly added H264 constrained baseline to list of supported formats.
[32544:21976:0505/101734.721:WARNING:codec.cc(525)] Explicitly added H264 constrained baseline to list of supported formats.
[32544:21976:0505/101734.722:WARNING:codec.cc(525)] Explicitly added H264 constrained baseline to list of supported formats.
[32544:21976:0505/101734.722:WARNING:codec.cc(525)] Explicitly added H264 constrained baseline to list of supported formats.
[9760:2124:0505/101734.757:WARNING:host_resolver_dns_task.cc(863)] Address list empty after RFC3484 sort
[9760:2124:0505/101734.786:WARNING:host_resolver_dns_task.cc(863)] Address list empty after RFC3484 sort
[9760:2124:0505/101734.786:ERROR:socket_manager.cc(147)] Failed to resolve address for stun.cloudflare.com., errorcode: -105
[9760:2124:0505/101734.786:ERROR:socket_manager.cc(147)] Failed to resolve address for stun.cloudflare.com., errorcode: -105
[9760:2124:0505/101734.786:ERROR:socket_manager.cc(147)] Failed to resolve address for stun.cloudflare.com., errorcode: -105
[32544:21976:0505/101734.786:WARNING:stun_port.cc(442)] Port[4ca1800:0:1:0:host:Net[any:0:0:0:x:x:x:x:x/0:Wildcard:id=0]]: StunPort: stun host lookup received error -1
[32544:21976:0505/101734.786:WARNING:stun_port.cc(442)] Port[4ca2000:1:1:0:host:Net[any:0:0:0:x:x:x:x:x/0:Wildcard:id=0]]: StunPort: stun host lookup received error -1
[32544:21976:0505/101734.786:WARNING:stun_port.cc(442)] Port[4ca2800:2:1:0:host:Net[any:0:0:0:x:x:x:x:x/0:Wildcard:id=0]]: StunPort: stun host lookup received error -1
[27944:15744:0505/101839.351:ERROR:cast_crl.cc(443)] CRL - Verification failed.
[27944:15744:0505/101947.420:WARNING:browser_info.cc(345)] Returning a speculative frame for [16,9]
[27944:10040:0505/101947.465:WARNING:browser_info.cc(345)] Returning a speculative frame for [16,9]
[27944:10040:0505/101947.466:WARNING:browser_info.cc(345)] Returning a speculative frame for [16,9]
[27944:10040:0505/101947.466:WARNING:browser_info.cc(345)] Returning a speculative frame for [16,9]
[27944:10040:0505/101947.466:WARNING:browser_info.cc(345)] Returning a speculative frame for [16,9]
[28564:14180:0505/101950.525:WARNING:codec.cc(525)] Explicitly added H264 constrained baseline to list of supported formats.
[28564:14180:0505/101950.538:WARNING:codec.cc(525)] Explicitly added H264 constrained baseline to list of supported formats.
[28564:10764:0505/101950.545:WARNING:codec.cc(525)] Explicitly added H264 constrained baseline to list of supported formats.
[28564:10764:0505/101950.545:WARNING:codec.cc(525)] Explicitly added H264 constrained baseline to list of supported formats.
[28564:10764:0505/101950.546:WARNING:codec.cc(525)] Explicitly added H264 constrained baseline to list of supported formats.
[9760:2124:0505/101950.574:WARNING:host_resolver_dns_task.cc(863)] Address list empty after RFC3484 sort
[9760:2124:0505/101950.598:WARNING:host_resolver_dns_task.cc(863)] Address list empty after RFC3484 sort
[9760:2124:0505/101950.599:ERROR:socket_manager.cc(147)] Failed to resolve address for stun.cloudflare.com., errorcode: -105
[9760:2124:0505/101950.599:ERROR:socket_manager.cc(147)] Failed to resolve address for stun.cloudflare.com., errorcode: -105
[9760:2124:0505/101950.599:ERROR:socket_manager.cc(147)] Failed to resolve address for stun.cloudflare.com., errorcode: -105
[28564:10764:0505/101950.599:WARNING:stun_port.cc(442)] Port[39d8800:0:1:0:host:Net[any:0:0:0:x:x:x:x:x/0:Wildcard:id=0]]: StunPort: stun host lookup received error -1
[28564:10764:0505/101950.599:WARNING:stun_port.cc(442)] Port[39d9000:1:1:0:host:Net[any:0:0:0:x:x:x:x:x/0:Wildcard:id=0]]: StunPort: stun host lookup received error -1
[28564:10764:0505/101950.599:WARNING:stun_port.cc(442)] Port[39d9800:2:1:0:host:Net[any:0:0:0:x:x:x:x:x/0:Wildcard:id=0]]: StunPort: stun host lookup received error -1
[27944:15744:0505/102146.789:ERROR:cast_crl.cc(443)] CRL - Verification failed.
[27944:15744:0505/102211.143:WARNING:browser_info.cc(345)] Returning a speculative frame for [18,9]
[27944:10040:0505/102211.471:WARNING:browser_info.cc(345)] Returning a speculative frame for [18,9]
[27944:10040:0505/102211.471:WARNING:browser_info.cc(345)] Returning a speculative frame for [18,9]
[27944:10040:0505/102211.471:WARNING:browser_info.cc(345)] Returning a speculative frame for [18,9]
[27944:10040:0505/102211.471:WARNING:browser_info.cc(345)] Returning a speculative frame for [18,9]
[27944:15744:0505/102219.490:ERROR:cast_crl.cc(443)] CRL - Verification failed.
[29736:16092:0505/102220.430:WARNING:codec.cc(525)] Explicitly added H264 constrained baseline to list of supported formats.
[29736:16092:0505/102220.439:WARNING:codec.cc(525)] Explicitly added H264 constrained baseline to list of supported formats.
[29736:22896:0505/102220.451:WARNING:codec.cc(525)] Explicitly added H264 constrained baseline to list of supported formats.
[29736:22896:0505/102220.451:WARNING:codec.cc(525)] Explicitly added H264 constrained baseline to list of supported formats.
[29736:22896:0505/102220.452:WARNING:codec.cc(525)] Explicitly added H264 constrained baseline to list of supported formats.
[9760:2124:0505/102220.478:WARNING:host_resolver_dns_task.cc(863)] Address list empty after RFC3484 sort
[9760:2124:0505/102220.496:WARNING:host_resolver_dns_task.cc(863)] Address list empty after RFC3484 sort
[9760:2124:0505/102220.496:ERROR:socket_manager.cc(147)] Failed to resolve address for stun.cloudflare.com., errorcode: -105
[9760:2124:0505/102220.497:ERROR:socket_manager.cc(147)] Failed to resolve address for stun.cloudflare.com., errorcode: -105
[9760:2124:0505/102220.497:ERROR:socket_manager.cc(147)] Failed to resolve address for stun.cloudflare.com., errorcode: -105
[29736:22896:0505/102220.497:WARNING:stun_port.cc(442)] Port[41ec400:0:1:0:host:Net[any:0:0:0:x:x:x:x:x/0:Wildcard:id=0]]: StunPort: stun host lookup received error -1
[29736:22896:0505/102220.497:WARNING:stun_port.cc(442)] Port[41ecc00:1:1:0:host:Net[any:0:0:0:x:x:x:x:x/0:Wildcard:id=0]]: StunPort: stun host lookup received error -1
[29736:22896:0505/102220.497:WARNING:stun_port.cc(442)] Port[41ed400:2:1:0:host:Net[any:0:0:0:x:x:x:x:x/0:Wildcard:id=0]]: StunPort: stun host lookup received error -1
[27944:15744:0505/102439.443:WARNING:browser_info.cc(345)] Returning a speculative frame for [20,9]
[27944:10040:0505/102439.485:WARNING:browser_info.cc(345)] Returning a speculative frame for [20,9]
[27944:10040:0505/102439.485:WARNING:browser_info.cc(345)] Returning a speculative frame for [20,9]
[27944:10040:0505/102439.485:WARNING:browser_info.cc(345)] Returning a speculative frame for [20,9]
[27944:10040:0505/102439.485:WARNING:browser_info.cc(345)] Returning a speculative frame for [20,9]
[9376:2160:0505/102440.984:WARNING:codec.cc(525)] Explicitly added H264 constrained baseline to list of supported formats.
[9376:2160:0505/102440.997:WARNING:codec.cc(525)] Explicitly added H264 constrained baseline to list of supported formats.
[9376:4220:0505/102441.003:WARNING:codec.cc(525)] Explicitly added H264 constrained baseline to list of supported formats.
[9376:4220:0505/102441.004:WARNING:codec.cc(525)] Explicitly added H264 constrained baseline to list of supported formats.
[9376:4220:0505/102441.004:WARNING:codec.cc(525)] Explicitly added H264 constrained baseline to list of supported formats.
[9760:2124:0505/102441.035:WARNING:host_resolver_dns_task.cc(863)] Address list empty after RFC3484 sort
[9760:2124:0505/102441.059:WARNING:host_resolver_dns_task.cc(863)] Address list empty after RFC3484 sort
[9760:2124:0505/102441.059:ERROR:socket_manager.cc(147)] Failed to resolve address for stun.cloudflare.com., errorcode: -105
[9760:2124:0505/102441.059:ERROR:socket_manager.cc(147)] Failed to resolve address for stun.cloudflare.com., errorcode: -105
[9760:2124:0505/102441.059:ERROR:socket_manager.cc(147)] Failed to resolve address for stun.cloudflare.com., errorcode: -105
[9376:4220:0505/102441.059:WARNING:stun_port.cc(442)] Port[15df400:0:1:0:host:Net[any:0:0:0:x:x:x:x:x/0:Wildcard:id=0]]: StunPort: stun host lookup received error -1
[9376:4220:0505/102441.059:WARNING:stun_port.cc(442)] Port[15dfc00:1:1:0:host:Net[any:0:0:0:x:x:x:x:x/0:Wildcard:id=0]]: StunPort: stun host lookup received error -1
[9376:4220:0505/102441.059:WARNING:stun_port.cc(442)] Port[1d88400:2:1:0:host:Net[any:0:0:0:x:x:x:x:x/0:Wildcard:id=0]]: StunPort: stun host lookup received error -1
[27944:15744:0505/102701.471:WARNING:browser_info.cc(345)] Returning a speculative frame for [22,9]
[27944:10040:0505/102701.535:WARNING:browser_info.cc(345)] Returning a speculative frame for [22,9]
[27944:10040:0505/102701.535:WARNING:browser_info.cc(345)] Returning a speculative frame for [22,9]
[27944:10040:0505/102701.535:WARNING:browser_info.cc(345)] Returning a speculative frame for [22,9]
[27944:10040:0505/102701.535:WARNING:browser_info.cc(345)] Returning a speculative frame for [22,9]
[24816:31636:0505/102705.018:WARNING:codec.cc(525)] Explicitly added H264 constrained baseline to list of supported formats.
[24816:31636:0505/102705.025:WARNING:codec.cc(525)] Explicitly added H264 constrained baseline to list of supported formats.
[24816:16064:0505/102705.032:WARNING:codec.cc(525)] Explicitly added H264 constrained baseline to list of supported formats.
[24816:16064:0505/102705.033:WARNING:codec.cc(525)] Explicitly added H264 constrained baseline to list of supported formats.
[24816:16064:0505/102705.033:WARNING:codec.cc(525)] Explicitly added H264 constrained baseline to list of supported formats.
[9760:2124:0505/102705.070:WARNING:host_resolver_dns_task.cc(863)] Address list empty after RFC3484 sort
[9760:2124:0505/102705.096:WARNING:host_resolver_dns_task.cc(863)] Address list empty after RFC3484 sort
[9760:2124:0505/102705.097:ERROR:socket_manager.cc(147)] Failed to resolve address for stun.cloudflare.com., errorcode: -105
[9760:2124:0505/102705.097:ERROR:socket_manager.cc(147)] Failed to resolve address for stun.cloudflare.com., errorcode: -105
[9760:2124:0505/102705.097:ERROR:socket_manager.cc(147)] Failed to resolve address for stun.cloudflare.com., errorcode: -105
[24816:16064:0505/102705.097:WARNING:stun_port.cc(442)] Port[3100000:0:1:0:host:Net[any:0:0:0:x:x:x:x:x/0:Wildcard:id=0]]: StunPort: stun host lookup received error -1
[24816:16064:0505/102705.097:WARNING:stun_port.cc(442)] Port[3100c00:1:1:0:host:Net[any:0:0:0:x:x:x:x:x/0:Wildcard:id=0]]: StunPort: stun host lookup received error -1
[24816:16064:0505/102705.097:WARNING:stun_port.cc(442)] Port[3101400:2:1:0:host:Net[any:0:0:0:x:x:x:x:x/0:Wildcard:id=0]]: StunPort: stun host lookup received error -1
[27944:15744:0505/102924.421:WARNING:browser_info.cc(345)] Returning a speculative frame for [23,9]
[27944:10040:0505/102924.440:WARNING:browser_info.cc(345)] Returning a speculative frame for [23,9]
[27944:10040:0505/102924.440:WARNING:browser_info.cc(345)] Returning a speculative frame for [23,9]
[27944:10040:0505/102924.440:WARNING:browser_info.cc(345)] Returning a speculative frame for [23,9]
[27944:10040:0505/102924.440:WARNING:browser_info.cc(345)] Returning a speculative frame for [23,9]
[8680:4804:0505/102927.578:WARNING:codec.cc(525)] Explicitly added H264 constrained baseline to list of supported formats.
[8680:4804:0505/102927.591:WARNING:codec.cc(525)] Explicitly added H264 constrained baseline to list of supported formats.
[8680:14484:0505/102927.603:WARNING:codec.cc(525)] Explicitly added H264 constrained baseline to list of supported formats.
[8680:14484:0505/102927.603:WARNING:codec.cc(525)] Explicitly added H264 constrained baseline to list of supported formats.
[8680:14484:0505/102927.603:WARNING:codec.cc(525)] Explicitly added H264 constrained baseline to list of supported formats.
[9760:2124:0505/102927.632:WARNING:host_resolver_dns_task.cc(863)] Address list empty after RFC3484 sort
[9760:2124:0505/102927.655:WARNING:host_resolver_dns_task.cc(863)] Address list empty after RFC3484 sort
[9760:2124:0505/102927.656:ERROR:socket_manager.cc(147)] Failed to resolve address for stun.cloudflare.com., errorcode: -105
[9760:2124:0505/102927.656:ERROR:socket_manager.cc(147)] Failed to resolve address for stun.cloudflare.com., errorcode: -105
[9760:2124:0505/102927.656:ERROR:socket_manager.cc(147)] Failed to resolve address for stun.cloudflare.com., errorcode: -105
[8680:14484:0505/102927.656:WARNING:stun_port.cc(442)] Port[87b800:0:1:0:host:Net[any:0:0:0:x:x:x:x:x/0:Wildcard:id=0]]: StunPort: stun host lookup received error -1
[8680:14484:0505/102927.656:WARNING:stun_port.cc(442)] Port[3780c00:1:1:0:host:Net[any:0:0:0:x:x:x:x:x/0:Wildcard:id=0]]: StunPort: stun host lookup received error -1
[8680:14484:0505/102927.656:WARNING:stun_port.cc(442)] Port[3781400:2:1:0:host:Net[any:0:0:0:x:x:x:x:x/0:Wildcard:id=0]]: StunPort: stun host lookup received error -1
[27944:15744:0505/102949.234:ERROR:cast_crl.cc(443)] CRL - Verification failed.
[27944:15744:0505/103146.511:WARNING:browser_info.cc(345)] Returning a speculative frame for [24,9]
[27944:10040:0505/103146.561:WARNING:browser_info.cc(345)] Returning a speculative frame for [24,9]
[27944:10040:0505/103146.561:WARNING:browser_info.cc(345)] Returning a speculative frame for [24,9]
[27944:10040:0505/103146.561:WARNING:browser_info.cc(345)] Returning a speculative frame for [24,9]
[27944:10040:0505/103146.561:WARNING:browser_info.cc(345)] Returning a speculative frame for [24,9]
[4312:8780:0505/103147.895:WARNING:codec.cc(525)] Explicitly added H264 constrained baseline to list of supported formats.
[4312:8780:0505/103147.904:WARNING:codec.cc(525)] Explicitly added H264 constrained baseline to list of supported formats.
[4312:10868:0505/103147.915:WARNING:codec.cc(525)] Explicitly added H264 constrained baseline to list of supported formats.
[4312:10868:0505/103147.915:WARNING:codec.cc(525)] Explicitly added H264 constrained baseline to list of supported formats.
[4312:10868:0505/103147.917:WARNING:codec.cc(525)] Explicitly added H264 constrained baseline to list of supported formats.
[9760:2124:0505/103147.998:WARNING:host_resolver_dns_task.cc(863)] Address list empty after RFC3484 sort
[9760:2124:0505/103148.023:WARNING:host_resolver_dns_task.cc(863)] Address list empty after RFC3484 sort
[9760:2124:0505/103148.023:ERROR:socket_manager.cc(147)] Failed to resolve address for stun.cloudflare.com., errorcode: -105
[9760:2124:0505/103148.023:ERROR:socket_manager.cc(147)] Failed to resolve address for stun.cloudflare.com., errorcode: -105
[9760:2124:0505/103148.023:ERROR:socket_manager.cc(147)] Failed to resolve address for stun.cloudflare.com., errorcode: -105
[4312:10868:0505/103148.023:WARNING:stun_port.cc(442)] Port[1e59400:0:1:0:host:Net[any:0:0:0:x:x:x:x:x/0:Wildcard:id=0]]: StunPort: stun host lookup received error -1
[4312:10868:0505/103148.023:WARNING:stun_port.cc(442)] Port[1e59c00:1:1:0:host:Net[any:0:0:0:x:x:x:x:x/0:Wildcard:id=0]]: StunPort: stun host lookup received error -1
[4312:10868:0505/103148.023:WARNING:stun_port.cc(442)] Port[1e5a400:2:1:0:host:Net[any:0:0:0:x:x:x:x:x/0:Wildcard:id=0]]: StunPort: stun host lookup received error -1
[27944:15744:0505/103207.210:ERROR:cast_crl.cc(443)] CRL - Verification failed.
[27944:15744:0505/103245.398:ERROR:cast_crl.cc(443)] CRL - Verification failed.
[27944:15744:0505/103411.600:WARNING:browser_info.cc(345)] Returning a speculative frame for [26,9]
[27944:10040:0505/103411.929:WARNING:browser_info.cc(345)] Returning a speculative frame for [26,9]
[27944:10040:0505/103411.929:WARNING:browser_info.cc(345)] Returning a speculative frame for [26,9]
[27944:10040:0505/103411.929:WARNING:browser_info.cc(345)] Returning a speculative frame for [26,9]
[27944:10040:0505/103411.929:WARNING:browser_info.cc(345)] Returning a speculative frame for [26,9]
[12160:8508:0505/103417.930:WARNING:codec.cc(525)] Explicitly added H264 constrained baseline to list of supported formats.
[12160:8508:0505/103417.937:WARNING:codec.cc(525)] Explicitly added H264 constrained baseline to list of supported formats.
[12160:16908:0505/103417.948:WARNING:codec.cc(525)] Explicitly added H264 constrained baseline to list of supported formats.
[12160:16908:0505/103417.948:WARNING:codec.cc(525)] Explicitly added H264 constrained baseline to list of supported formats.
[12160:16908:0505/103417.949:WARNING:codec.cc(525)] Explicitly added H264 constrained baseline to list of supported formats.
[9760:2124:0505/103418.290:WARNING:host_resolver_dns_task.cc(863)] Address list empty after RFC3484 sort
[9760:2124:0505/103418.314:WARNING:host_resolver_dns_task.cc(863)] Address list empty after RFC3484 sort
[9760:2124:0505/103418.314:ERROR:socket_manager.cc(147)] Failed to resolve address for stun.cloudflare.com., errorcode: -105
[9760:2124:0505/103418.314:ERROR:socket_manager.cc(147)] Failed to resolve address for stun.cloudflare.com., errorcode: -105
[9760:2124:0505/103418.314:ERROR:socket_manager.cc(147)] Failed to resolve address for stun.cloudflare.com., errorcode: -105
[12160:16908:0505/103418.314:WARNING:stun_port.cc(442)] Port[3776000:0:1:0:host:Net[any:0:0:0:x:x:x:x:x/0:Wildcard:id=0]]: StunPort: stun host lookup received error -1
[12160:16908:0505/103418.314:WARNING:stun_port.cc(442)] Port[3776400:1:1:0:host:Net[any:0:0:0:x:x:x:x:x/0:Wildcard:id=0]]: StunPort: stun host lookup received error -1
[12160:16908:0505/103418.314:WARNING:stun_port.cc(442)] Port[3776c00:2:1:0:host:Net[any:0:0:0:x:x:x:x:x/0:Wildcard:id=0]]: StunPort: stun host lookup received error -1
[27944:15744:0505/103503.291:ERROR:cast_crl.cc(443)] CRL - Verification failed.
[27944:15744:0505/103548.294:ERROR:cast_crl.cc(443)] CRL - Verification failed.
[27944:15744:0505/103644.292:WARNING:browser_info.cc(345)] Returning a speculative frame for [29,9]
[27944:10040:0505/103644.620:WARNING:browser_info.cc(345)] Returning a speculative frame for [29,9]
[27944:10040:0505/103644.620:WARNING:browser_info.cc(345)] Returning a speculative frame for [29,9]
[27944:10040:0505/103644.620:WARNING:browser_info.cc(345)] Returning a speculative frame for [29,9]
[27944:10040:0505/103644.620:WARNING:browser_info.cc(345)] Returning a speculative frame for [29,9]
[27944:15744:0505/103648.305:ERROR:cast_crl.cc(443)] CRL - Verification failed.
[19716:31136:0505/103652.954:WARNING:codec.cc(525)] Explicitly added H264 constrained baseline to list of supported formats.
[19716:31136:0505/103652.969:WARNING:codec.cc(525)] Explicitly added H264 constrained baseline to list of supported formats.
[19716:30460:0505/103652.978:WARNING:codec.cc(525)] Explicitly added H264 constrained baseline to list of supported formats.
[19716:30460:0505/103652.978:WARNING:codec.cc(525)] Explicitly added H264 constrained baseline to list of supported formats.
[19716:30460:0505/103652.979:WARNING:codec.cc(525)] Explicitly added H264 constrained baseline to list of supported formats.
[9760:2124:0505/103653.331:WARNING:host_resolver_dns_task.cc(863)] Address list empty after RFC3484 sort
[9760:2124:0505/103653.354:WARNING:host_resolver_dns_task.cc(863)] Address list empty after RFC3484 sort
[9760:2124:0505/103653.354:ERROR:socket_manager.cc(147)] Failed to resolve address for stun.cloudflare.com., errorcode: -105
[9760:2124:0505/103653.354:ERROR:socket_manager.cc(147)] Failed to resolve address for stun.cloudflare.com., errorcode: -105
[9760:2124:0505/103653.354:ERROR:socket_manager.cc(147)] Failed to resolve address for stun.cloudflare.com., errorcode: -105
[19716:30460:0505/103653.355:WARNING:stun_port.cc(442)] Port[3f13800:0:1:0:host:Net[any:0:0:0:x:x:x:x:x/0:Wildcard:id=0]]: StunPort: stun host lookup received error -1
[19716:30460:0505/103653.355:WARNING:stun_port.cc(442)] Port[3f10c00:1:1:0:host:Net[any:0:0:0:x:x:x:x:x/0:Wildcard:id=0]]: StunPort: stun host lookup received error -1
[19716:30460:0505/103653.355:WARNING:stun_port.cc(442)] Port[3f13000:2:1:0:host:Net[any:0:0:0:x:x:x:x:x/0:Wildcard:id=0]]: StunPort: stun host lookup received error -1
[27944:15744:0505/103852.992:ERROR:cast_crl.cc(443)] CRL - Verification failed.
[27944:15744:0505/103914.315:WARNING:browser_info.cc(345)] Returning a speculative frame for [32,9]
[27944:10040:0505/103914.642:WARNING:browser_info.cc(345)] Returning a speculative frame for [32,9]
[27944:10040:0505/103914.642:WARNING:browser_info.cc(345)] Returning a speculative frame for [32,9]
[27944:10040:0505/103914.642:WARNING:browser_info.cc(345)] Returning a speculative frame for [32,9]
[27944:10040:0505/103914.642:WARNING:browser_info.cc(345)] Returning a speculative frame for [32,9]
[25676:7260:0505/103922.643:WARNING:codec.cc(525)] Explicitly added H264 constrained baseline to list of supported formats.
[25676:7260:0505/103922.654:WARNING:codec.cc(525)] Explicitly added H264 constrained baseline to list of supported formats.
[25676:22088:0505/103922.660:WARNING:codec.cc(525)] Explicitly added H264 constrained baseline to list of supported formats.
[25676:22088:0505/103922.660:WARNING:codec.cc(525)] Explicitly added H264 constrained baseline to list of supported formats.
[25676:22088:0505/103922.661:WARNING:codec.cc(525)] Explicitly added H264 constrained baseline to list of supported formats.
[9760:2124:0505/103922.994:WARNING:host_resolver_dns_task.cc(863)] Address list empty after RFC3484 sort
[9760:2124:0505/103923.019:WARNING:host_resolver_dns_task.cc(863)] Address list empty after RFC3484 sort
[9760:2124:0505/103923.019:ERROR:socket_manager.cc(147)] Failed to resolve address for stun.cloudflare.com., errorcode: -105
[9760:2124:0505/103923.019:ERROR:socket_manager.cc(147)] Failed to resolve address for stun.cloudflare.com., errorcode: -105
[9760:2124:0505/103923.019:ERROR:socket_manager.cc(147)] Failed to resolve address for stun.cloudflare.com., errorcode: -105
[25676:22088:0505/103923.019:WARNING:stun_port.cc(442)] Port[16d2400:0:1:0:host:Net[any:0:0:0:x:x:x:x:x/0:Wildcard:id=0]]: StunPort: stun host lookup received error -1
[25676:22088:0505/103923.019:WARNING:stun_port.cc(442)] Port[16d2800:1:1:0:host:Net[any:0:0:0:x:x:x:x:x/0:Wildcard:id=0]]: StunPort: stun host lookup received error -1
[25676:22088:0505/103923.019:WARNING:stun_port.cc(442)] Port[16d3000:2:1:0:host:Net[any:0:0:0:x:x:x:x:x/0:Wildcard:id=0]]: StunPort: stun host lookup received error -1
[27944:15744:0505/104023.004:ERROR:cast_crl.cc(443)] CRL - Verification failed.
[27944:15744:0505/104145.335:WARNING:browser_info.cc(345)] Returning a speculative frame for [35,9]
[27944:10040:0505/104145.661:WARNING:browser_info.cc(345)] Returning a speculative frame for [35,9]
[27944:10040:0505/104145.661:WARNING:browser_info.cc(345)] Returning a speculative frame for [35,9]
[27944:10040:0505/104145.661:WARNING:browser_info.cc(345)] Returning a speculative frame for [35,9]
[27944:10040:0505/104145.661:WARNING:browser_info.cc(345)] Returning a speculative frame for [35,9]
[9164:27824:0505/104153.997:WARNING:codec.cc(525)] Explicitly added H264 constrained baseline to list of supported formats.
[9164:27824:0505/104154.007:WARNING:codec.cc(525)] Explicitly added H264 constrained baseline to list of supported formats.
[9164:32684:0505/104154.013:WARNING:codec.cc(525)] Explicitly added H264 constrained baseline to list of supported formats.
[9164:32684:0505/104154.013:WARNING:codec.cc(525)] Explicitly added H264 constrained baseline to list of supported formats.
[9164:32684:0505/104154.014:WARNING:codec.cc(525)] Explicitly added H264 constrained baseline to list of supported formats.
[27944:15744:0505/104320.369:ERROR:cast_crl.cc(443)] CRL - Verification failed.
[27944:15744:0505/104416.358:WARNING:browser_info.cc(345)] Returning a speculative frame for [37,9]
[27944:10040:0505/104416.685:WARNING:browser_info.cc(345)] Returning a speculative frame for [37,9]
[27944:10040:0505/104416.685:WARNING:browser_info.cc(345)] Returning a speculative frame for [37,9]
[27944:10040:0505/104416.685:WARNING:browser_info.cc(345)] Returning a speculative frame for [37,9]
[27944:10040:0505/104416.685:WARNING:browser_info.cc(345)] Returning a speculative frame for [37,9]
[11056:29936:0505/104422.352:WARNING:codec.cc(525)] Explicitly added H264 constrained baseline to list of supported formats.
[11056:29936:0505/104422.363:WARNING:codec.cc(525)] Explicitly added H264 constrained baseline to list of supported formats.
[11056:1828:0505/104422.376:WARNING:codec.cc(525)] Explicitly added H264 constrained baseline to list of supported formats.
[11056:1828:0505/104422.376:WARNING:codec.cc(525)] Explicitly added H264 constrained baseline to list of supported formats.
[11056:1828:0505/104422.376:WARNING:codec.cc(525)] Explicitly added H264 constrained baseline to list of supported formats.
[9760:2124:0505/104422.705:WARNING:host_resolver_dns_task.cc(863)] Address list empty after RFC3484 sort
[9760:2124:0505/104422.724:WARNING:host_resolver_dns_task.cc(863)] Address list empty after RFC3484 sort
[9760:2124:0505/104422.724:ERROR:socket_manager.cc(147)] Failed to resolve address for stun.cloudflare.com., errorcode: -105
[9760:2124:0505/104422.724:ERROR:socket_manager.cc(147)] Failed to resolve address for stun.cloudflare.com., errorcode: -105
[9760:2124:0505/104422.724:ERROR:socket_manager.cc(147)] Failed to resolve address for stun.cloudflare.com., errorcode: -105
[11056:1828:0505/104422.724:WARNING:stun_port.cc(442)] Port[1f6a400:0:1:0:host:Net[any:0:0:0:x:x:x:x:x/0:Wildcard:id=0]]: StunPort: stun host lookup received error -1
[11056:1828:0505/104422.724:WARNING:stun_port.cc(442)] Port[1f6a800:1:1:0:host:Net[any:0:0:0:x:x:x:x:x/0:Wildcard:id=0]]: StunPort: stun host lookup received error -1
[11056:1828:0505/104422.724:WARNING:stun_port.cc(442)] Port[1f6b000:2:1:0:host:Net[any:0:0:0:x:x:x:x:x/0:Wildcard:id=0]]: StunPort: stun host lookup received error -1
[27944:15744:0505/104456.714:ERROR:cast_crl.cc(443)] CRL - Verification failed.
[27944:15744:0505/104625.391:ERROR:cast_crl.cc(443)] CRL - Verification failed.
[27944:15744:0505/104647.379:WARNING:browser_info.cc(345)] Returning a speculative frame for [39,9]
[27944:10040:0505/104647.707:WARNING:browser_info.cc(345)] Returning a speculative frame for [39,9]
[27944:10040:0505/104647.707:WARNING:browser_info.cc(345)] Returning a speculative frame for [39,9]
[27944:10040:0505/104647.707:WARNING:browser_info.cc(345)] Returning a speculative frame for [39,9]
[27944:10040:0505/104647.707:WARNING:browser_info.cc(345)] Returning a speculative frame for [39,9]
[7824:32568:0505/104652.707:WARNING:codec.cc(525)] Explicitly added H264 constrained baseline to list of supported formats.
[7824:32568:0505/104652.719:WARNING:codec.cc(525)] Explicitly added H264 constrained baseline to list of supported formats.
[7824:31028:0505/104652.726:WARNING:codec.cc(525)] Explicitly added H264 constrained baseline to list of supported formats.
[7824:31028:0505/104652.726:WARNING:codec.cc(525)] Explicitly added H264 constrained baseline to list of supported formats.
[7824:31028:0505/104652.726:WARNING:codec.cc(525)] Explicitly added H264 constrained baseline to list of supported formats.
[9760:2124:0505/104653.066:WARNING:host_resolver_dns_task.cc(863)] Address list empty after RFC3484 sort
[9760:2124:0505/104653.090:WARNING:host_resolver_dns_task.cc(863)] Address list empty after RFC3484 sort
[9760:2124:0505/104653.090:ERROR:socket_manager.cc(147)] Failed to resolve address for stun.cloudflare.com., errorcode: -105
[9760:2124:0505/104653.090:ERROR:socket_manager.cc(147)] Failed to resolve address for stun.cloudflare.com., errorcode: -105
[9760:2124:0505/104653.090:ERROR:socket_manager.cc(147)] Failed to resolve address for stun.cloudflare.com., errorcode: -105
[7824:31028:0505/104653.090:WARNING:stun_port.cc(442)] Port[362bc00:0:1:0:host:Net[any:0:0:0:x:x:x:x:x/0:Wildcard:id=0]]: StunPort: stun host lookup received error -1
[7824:31028:0505/104653.090:WARNING:stun_port.cc(442)] Port[362b800:1:1:0:host:Net[any:0:0:0:x:x:x:x:x/0:Wildcard:id=0]]: StunPort: stun host lookup received error -1
[7824:31028:0505/104653.090:WARNING:stun_port.cc(442)] Port[3678400:2:1:0:host:Net[any:0:0:0:x:x:x:x:x/0:Wildcard:id=0]]: StunPort: stun host lookup received error -1
[27944:15744:0505/104805.388:ERROR:cast_crl.cc(443)] CRL - Verification failed.
[27944:15744:0505/104828.452:ERROR:cast_crl.cc(443)] CRL - Verification failed.
[27944:15744:0505/104916.448:WARNING:browser_info.cc(345)] Returning a speculative frame for [42,9]
[27944:10040:0505/104916.495:WARNING:browser_info.cc(345)] Returning a speculative frame for [42,9]
[27944:10040:0505/104916.495:WARNING:browser_info.cc(345)] Returning a speculative frame for [42,9]
[27944:10040:0505/104916.495:WARNING:browser_info.cc(345)] Returning a speculative frame for [42,9]
[27944:10040:0505/104916.495:WARNING:browser_info.cc(345)] Returning a speculative frame for [42,9]
[6784:23624:0505/104918.878:WARNING:codec.cc(525)] Explicitly added H264 constrained baseline to list of supported formats.
[6784:23624:0505/104918.889:WARNING:codec.cc(525)] Explicitly added H264 constrained baseline to list of supported formats.
[6784:17028:0505/104918.898:WARNING:codec.cc(525)] Explicitly added H264 constrained baseline to list of supported formats.
[6784:17028:0505/104918.898:WARNING:codec.cc(525)] Explicitly added H264 constrained baseline to list of supported formats.
[6784:17028:0505/104918.899:WARNING:codec.cc(525)] Explicitly added H264 constrained baseline to list of supported formats.
[9760:2124:0505/104918.923:WARNING:host_resolver_dns_task.cc(863)] Address list empty after RFC3484 sort
[9760:2124:0505/104918.945:WARNING:host_resolver_dns_task.cc(863)] Address list empty after RFC3484 sort
[9760:2124:0505/104918.945:ERROR:socket_manager.cc(147)] Failed to resolve address for stun.cloudflare.com., errorcode: -105
[9760:2124:0505/104918.945:ERROR:socket_manager.cc(147)] Failed to resolve address for stun.cloudflare.com., errorcode: -105
[9760:2124:0505/104918.945:ERROR:socket_manager.cc(147)] Failed to resolve address for stun.cloudflare.com., errorcode: -105
[6784:17028:0505/104918.945:WARNING:stun_port.cc(442)] Port[9c0800:0:1:0:host:Net[any:0:0:0:x:x:x:x:x/0:Wildcard:id=0]]: StunPort: stun host lookup received error -1
[6784:17028:0505/104918.946:WARNING:stun_port.cc(442)] Port[3f63800:1:1:0:host:Net[any:0:0:0:x:x:x:x:x/0:Wildcard:id=0]]: StunPort: stun host lookup received error -1
[6784:17028:0505/104918.946:WARNING:stun_port.cc(442)] Port[3d3c000:2:1:0:host:Net[any:0:0:0:x:x:x:x:x/0:Wildcard:id=0]]: StunPort: stun host lookup received error -1
[27944:15744:0505/105015.069:ERROR:cast_crl.cc(443)] CRL - Verification failed.
[27944:15744:0505/105138.427:WARNING:browser_info.cc(345)] Returning a speculative frame for [45,9]
[27944:10040:0505/105138.464:WARNING:browser_info.cc(345)] Returning a speculative frame for [45,9]
[27944:10040:0505/105138.464:WARNING:browser_info.cc(345)] Returning a speculative frame for [45,9]
[27944:10040:0505/105138.464:WARNING:browser_info.cc(345)] Returning a speculative frame for [45,9]
[27944:10040:0505/105138.464:WARNING:browser_info.cc(345)] Returning a speculative frame for [45,9]
[33688:30324:0505/105140.641:WARNING:codec.cc(525)] Explicitly added H264 constrained baseline to list of supported formats.
[33688:30324:0505/105140.653:WARNING:codec.cc(525)] Explicitly added H264 constrained baseline to list of supported formats.
[33688:33436:0505/105140.665:WARNING:codec.cc(525)] Explicitly added H264 constrained baseline to list of supported formats.
[33688:33436:0505/105140.665:WARNING:codec.cc(525)] Explicitly added H264 constrained baseline to list of supported formats.
[33688:33436:0505/105140.666:WARNING:codec.cc(525)] Explicitly added H264 constrained baseline to list of supported formats.
[9760:2124:0505/105140.750:WARNING:host_resolver_dns_task.cc(863)] Address list empty after RFC3484 sort
[9760:2124:0505/105140.767:WARNING:host_resolver_dns_task.cc(863)] Address list empty after RFC3484 sort
[9760:2124:0505/105140.768:ERROR:socket_manager.cc(147)] Failed to resolve address for stun.cloudflare.com., errorcode: -105
[9760:2124:0505/105140.768:ERROR:socket_manager.cc(147)] Failed to resolve address for stun.cloudflare.com., errorcode: -105
[9760:2124:0505/105140.768:ERROR:socket_manager.cc(147)] Failed to resolve address for stun.cloudflare.com., errorcode: -105
[33688:33436:0505/105140.768:WARNING:stun_port.cc(442)] Port[183f800:0:1:0:host:Net[any:0:0:0:x:x:x:x:x/0:Wildcard:id=0]]: StunPort: stun host lookup received error -1
[33688:33436:0505/105140.768:WARNING:stun_port.cc(442)] Port[346c000:1:1:0:host:Net[any:0:0:0:x:x:x:x:x/0:Wildcard:id=0]]: StunPort: stun host lookup received error -1
[33688:33436:0505/105140.768:WARNING:stun_port.cc(442)] Port[346c800:2:1:0:host:Net[any:0:0:0:x:x:x:x:x/0:Wildcard:id=0]]: StunPort: stun host lookup received error -1
[27944:15744:0505/105218.650:ERROR:cast_crl.cc(443)] CRL - Verification failed.
[27944:10040:0505/105249.105:ERROR:device_event_log_impl.cc(196)] [10:52:49.099] USB: usb_service_win.cc:105 SetupDiGetDeviceProperty({{A45C254E-DF1C-4EFD-8020-67D146A850E0}, 6}) failed: Element not found. (0x490)
[27944:15744:0505/105307.258:ERROR:cast_crl.cc(443)] CRL - Verification failed.
[27944:15744:0505/105400.452:WARNING:browser_info.cc(345)] Returning a speculative frame for [47,9]
[27944:10040:0505/105400.490:WARNING:browser_info.cc(345)] Returning a speculative frame for [47,9]
[27944:10040:0505/105400.490:WARNING:browser_info.cc(345)] Returning a speculative frame for [47,9]
[27944:10040:0505/105400.490:WARNING:browser_info.cc(345)] Returning a speculative frame for [47,9]
[27944:10040:0505/105400.490:WARNING:browser_info.cc(345)] Returning a speculative frame for [47,9]
[33180:33588:0505/105403.327:WARNING:codec.cc(525)] Explicitly added H264 constrained baseline to list of supported formats.
[33180:33588:0505/105403.336:WARNING:codec.cc(525)] Explicitly added H264 constrained baseline to list of supported formats.
[33180:33592:0505/105403.375:WARNING:codec.cc(525)] Explicitly added H264 constrained baseline to list of supported formats.
[33180:33592:0505/105403.376:WARNING:codec.cc(525)] Explicitly added H264 constrained baseline to list of supported formats.
[33180:33592:0505/105403.376:WARNING:codec.cc(525)] Explicitly added H264 constrained baseline to list of supported formats.
[9760:2124:0505/105403.406:WARNING:host_resolver_dns_task.cc(863)] Address list empty after RFC3484 sort
[9760:2124:0505/105403.430:WARNING:host_resolver_dns_task.cc(863)] Address list empty after RFC3484 sort
[9760:2124:0505/105403.431:ERROR:socket_manager.cc(147)] Failed to resolve address for stun.cloudflare.com., errorcode: -105
[9760:2124:0505/105403.431:ERROR:socket_manager.cc(147)] Failed to resolve address for stun.cloudflare.com., errorcode: -105
[9760:2124:0505/105403.431:ERROR:socket_manager.cc(147)] Failed to resolve address for stun.cloudflare.com., errorcode: -105
[33180:33592:0505/105403.431:WARNING:stun_port.cc(442)] Port[3086000:0:1:0:host:Net[any:0:0:0:x:x:x:x:x/0:Wildcard:id=0]]: StunPort: stun host lookup received error -1
[33180:33592:0505/105403.431:WARNING:stun_port.cc(442)] Port[3086400:1:1:0:host:Net[any:0:0:0:x:x:x:x:x/0:Wildcard:id=0]]: StunPort: stun host lookup received error -1
[33180:33592:0505/105403.431:WARNING:stun_port.cc(442)] Port[3086c00:2:1:0:host:Net[any:0:0:0:x:x:x:x:x/0:Wildcard:id=0]]: StunPort: stun host lookup received error -1
[27944:15744:0505/105430.479:ERROR:cast_crl.cc(443)] CRL - Verification failed.
[27944:15744:0505/105622.609:WARNING:browser_info.cc(345)] Returning a speculative frame for [50,9]
[27944:10040:0505/105622.669:WARNING:browser_info.cc(345)] Returning a speculative frame for [50,9]
[27944:10040:0505/105622.669:WARNING:browser_info.cc(345)] Returning a speculative frame for [50,9]
[27944:10040:0505/105622.669:WARNING:browser_info.cc(345)] Returning a speculative frame for [50,9]
[27944:10040:0505/105622.669:WARNING:browser_info.cc(345)] Returning a speculative frame for [50,9]
[10468:33812:0505/105625.698:WARNING:codec.cc(525)] Explicitly added H264 constrained baseline to list of supported formats.
[10468:33812:0505/105625.711:WARNING:codec.cc(525)] Explicitly added H264 constrained baseline to list of supported formats.
[10468:33116:0505/105625.717:WARNING:codec.cc(525)] Explicitly added H264 constrained baseline to list of supported formats.
[10468:33116:0505/105625.717:WARNING:codec.cc(525)] Explicitly added H264 constrained baseline to list of supported formats.
[10468:33116:0505/105625.718:WARNING:codec.cc(525)] Explicitly added H264 constrained baseline to list of supported formats.
[9760:2124:0505/105625.744:WARNING:host_resolver_dns_task.cc(863)] Address list empty after RFC3484 sort
[9760:2124:0505/105625.762:WARNING:host_resolver_dns_task.cc(863)] Address list empty after RFC3484 sort
[9760:2124:0505/105625.762:ERROR:socket_manager.cc(147)] Failed to resolve address for stun.cloudflare.com., errorcode: -105
[9760:2124:0505/105625.762:ERROR:socket_manager.cc(147)] Failed to resolve address for stun.cloudflare.com., errorcode: -105
[9760:2124:0505/105625.762:ERROR:socket_manager.cc(147)] Failed to resolve address for stun.cloudflare.com., errorcode: -105
[10468:33116:0505/105625.762:WARNING:stun_port.cc(442)] Port[37cb000:0:1:0:host:Net[any:0:0:0:x:x:x:x:x/0:Wildcard:id=0]]: StunPort: stun host lookup received error -1
[10468:33116:0505/105625.762:WARNING:stun_port.cc(442)] Port[37c9c00:1:1:0:host:Net[any:0:0:0:x:x:x:x:x/0:Wildcard:id=0]]: StunPort: stun host lookup received error -1
[10468:33116:0505/105625.762:WARNING:stun_port.cc(442)] Port[37c8c00:2:1:0:host:Net[any:0:0:0:x:x:x:x:x/0:Wildcard:id=0]]: StunPort: stun host lookup received error -1
[27944:15744:0505/105844.617:WARNING:browser_info.cc(345)] Returning a speculative frame for [52,9]
[27944:10040:0505/105844.651:WARNING:browser_info.cc(345)] Returning a speculative frame for [52,9]
[27944:10040:0505/105844.651:WARNING:browser_info.cc(345)] Returning a speculative frame for [52,9]
[27944:10040:0505/105844.651:WARNING:browser_info.cc(345)] Returning a speculative frame for [52,9]
[27944:10040:0505/105844.651:WARNING:browser_info.cc(345)] Returning a speculative frame for [52,9]
[33264:32844:0505/105848.583:WARNING:codec.cc(525)] Explicitly added H264 constrained baseline to list of supported formats.
[33264:32844:0505/105848.600:WARNING:codec.cc(525)] Explicitly added H264 constrained baseline to list of supported formats.
[33264:33236:0505/105848.610:WARNING:codec.cc(525)] Explicitly added H264 constrained baseline to list of supported formats.
[33264:33236:0505/105848.610:WARNING:codec.cc(525)] Explicitly added H264 constrained baseline to list of supported formats.
[33264:33236:0505/105848.611:WARNING:codec.cc(525)] Explicitly added H264 constrained baseline to list of supported formats.
[9760:2124:0505/105848.671:WARNING:host_resolver_dns_task.cc(863)] Address list empty after RFC3484 sort
[9760:2124:0505/105848.689:WARNING:host_resolver_dns_task.cc(863)] Address list empty after RFC3484 sort
[9760:2124:0505/105848.689:ERROR:socket_manager.cc(147)] Failed to resolve address for stun.cloudflare.com., errorcode: -105
[9760:2124:0505/105848.690:ERROR:socket_manager.cc(147)] Failed to resolve address for stun.cloudflare.com., errorcode: -105
[9760:2124:0505/105848.690:ERROR:socket_manager.cc(147)] Failed to resolve address for stun.cloudflare.com., errorcode: -105
[33264:33236:0505/105848.690:WARNING:stun_port.cc(442)] Port[3bc0000:0:1:0:host:Net[any:0:0:0:x:x:x:x:x/0:Wildcard:id=0]]: StunPort: stun host lookup received error -1
[33264:33236:0505/105848.690:WARNING:stun_port.cc(442)] Port[3bc0800:1:1:0:host:Net[any:0:0:0:x:x:x:x:x/0:Wildcard:id=0]]: StunPort: stun host lookup received error -1
[33264:33236:0505/105848.690:WARNING:stun_port.cc(442)] Port[3bc1000:2:1:0:host:Net[any:0:0:0:x:x:x:x:x/0:Wildcard:id=0]]: StunPort: stun host lookup received error -1
[27944:15744:0505/105907.252:ERROR:cast_crl.cc(443)] CRL - Verification failed.
[27944:15744:0505/110039.973:ERROR:cast_crl.cc(443)] CRL - Verification failed.
[27944:15744:0505/110107.423:WARNING:browser_info.cc(345)] Returning a speculative frame for [54,9]
[27944:10040:0505/110107.449:WARNING:browser_info.cc(345)] Returning a speculative frame for [54,9]
[27944:10040:0505/110107.449:WARNING:browser_info.cc(345)] Returning a speculative frame for [54,9]
[27944:10040:0505/110107.449:WARNING:browser_info.cc(345)] Returning a speculative frame for [54,9]
[27944:10040:0505/110107.449:WARNING:browser_info.cc(345)] Returning a speculative frame for [54,9]
[14660:32568:0505/110111.313:WARNING:codec.cc(525)] Explicitly added H264 constrained baseline to list of supported formats.
[14660:32568:0505/110111.331:WARNING:codec.cc(525)] Explicitly added H264 constrained baseline to list of supported formats.
[14660:28772:0505/110111.341:WARNING:codec.cc(525)] Explicitly added H264 constrained baseline to list of supported formats.
[14660:28772:0505/110111.341:WARNING:codec.cc(525)] Explicitly added H264 constrained baseline to list of supported formats.
[14660:28772:0505/110111.342:WARNING:codec.cc(525)] Explicitly added H264 constrained baseline to list of supported formats.
[9760:2124:0505/110111.369:WARNING:host_resolver_dns_task.cc(863)] Address list empty after RFC3484 sort
[9760:2124:0505/110111.391:WARNING:host_resolver_dns_task.cc(863)] Address list empty after RFC3484 sort
[9760:2124:0505/110111.393:ERROR:socket_manager.cc(147)] Failed to resolve address for stun.cloudflare.com., errorcode: -105
[9760:2124:0505/110111.393:ERROR:socket_manager.cc(147)] Failed to resolve address for stun.cloudflare.com., errorcode: -105
[9760:2124:0505/110111.393:ERROR:socket_manager.cc(147)] Failed to resolve address for stun.cloudflare.com., errorcode: -105
[14660:28772:0505/110111.393:WARNING:stun_port.cc(442)] Port[4144800:0:1:0:host:Net[any:0:0:0:x:x:x:x:x/0:Wildcard:id=0]]: StunPort: stun host lookup received error -1
[14660:28772:0505/110111.393:WARNING:stun_port.cc(442)] Port[4145000:1:1:0:host:Net[any:0:0:0:x:x:x:x:x/0:Wildcard:id=0]]: StunPort: stun host lookup received error -1
[14660:28772:0505/110111.393:WARNING:stun_port.cc(442)] Port[4145800:2:1:0:host:Net[any:0:0:0:x:x:x:x:x/0:Wildcard:id=0]]: StunPort: stun host lookup received error -1
[27944:15744:0505/110206.799:ERROR:cast_crl.cc(443)] CRL - Verification failed.
[27944:15744:0505/110241.012:ERROR:cast_crl.cc(443)] CRL - Verification failed.
[27944:15744:0505/110330.437:WARNING:browser_info.cc(345)] Returning a speculative frame for [57,9]
[27944:10040:0505/110330.504:WARNING:browser_info.cc(345)] Returning a speculative frame for [57,9]
[27944:10040:0505/110330.504:WARNING:browser_info.cc(345)] Returning a speculative frame for [57,9]
[27944:10040:0505/110330.504:WARNING:browser_info.cc(345)] Returning a speculative frame for [57,9]
[27944:10040:0505/110330.504:WARNING:browser_info.cc(345)] Returning a speculative frame for [57,9]
[9984:34224:0505/110333.104:WARNING:codec.cc(525)] Explicitly added H264 constrained baseline to list of supported formats.
[9984:34224:0505/110333.113:WARNING:codec.cc(525)] Explicitly added H264 constrained baseline to list of supported formats.
[9984:9460:0505/110333.123:WARNING:codec.cc(525)] Explicitly added H264 constrained baseline to list of supported formats.
[9984:9460:0505/110333.123:WARNING:codec.cc(525)] Explicitly added H264 constrained baseline to list of supported formats.
[9984:9460:0505/110333.123:WARNING:codec.cc(525)] Explicitly added H264 constrained baseline to list of supported formats.
[9760:2124:0505/110333.150:WARNING:host_resolver_dns_task.cc(863)] Address list empty after RFC3484 sort
[9760:2124:0505/110333.173:WARNING:host_resolver_dns_task.cc(863)] Address list empty after RFC3484 sort
[9760:2124:0505/110333.173:ERROR:socket_manager.cc(147)] Failed to resolve address for stun.cloudflare.com., errorcode: -105
[9760:2124:0505/110333.173:ERROR:socket_manager.cc(147)] Failed to resolve address for stun.cloudflare.com., errorcode: -105
[9760:2124:0505/110333.173:ERROR:socket_manager.cc(147)] Failed to resolve address for stun.cloudflare.com., errorcode: -105
[9984:9460:0505/110333.174:WARNING:stun_port.cc(442)] Port[3756400:0:1:0:host:Net[any:0:0:0:x:x:x:x:x/0:Wildcard:id=0]]: StunPort: stun host lookup received error -1
[9984:9460:0505/110333.174:WARNING:stun_port.cc(442)] Port[3844800:1:1:0:host:Net[any:0:0:0:x:x:x:x:x/0:Wildcard:id=0]]: StunPort: stun host lookup received error -1
[9984:9460:0505/110333.174:WARNING:stun_port.cc(442)] Port[3845000:2:1:0:host:Net[any:0:0:0:x:x:x:x:x/0:Wildcard:id=0]]: StunPort: stun host lookup received error -1
[27944:15744:0505/110505.661:ERROR:cast_crl.cc(443)] CRL - Verification failed.
[27944:15744:0505/110552.507:WARNING:browser_info.cc(345)] Returning a speculative frame for [60,9]
[27944:10040:0505/110552.542:WARNING:browser_info.cc(345)] Returning a speculative frame for [60,9]
[27944:10040:0505/110552.542:WARNING:browser_info.cc(345)] Returning a speculative frame for [60,9]
[27944:10040:0505/110552.542:WARNING:browser_info.cc(345)] Returning a speculative frame for [60,9]
[27944:10040:0505/110552.542:WARNING:browser_info.cc(345)] Returning a speculative frame for [60,9]
[20976:30280:0505/110555.697:WARNING:codec.cc(525)] Explicitly added H264 constrained baseline to list of supported formats.
[20976:30280:0505/110555.708:WARNING:codec.cc(525)] Explicitly added H264 constrained baseline to list of supported formats.
[20976:29304:0505/110555.717:WARNING:codec.cc(525)] Explicitly added H264 constrained baseline to list of supported formats.
[20976:29304:0505/110555.717:WARNING:codec.cc(525)] Explicitly added H264 constrained baseline to list of supported formats.
[20976:29304:0505/110555.718:WARNING:codec.cc(525)] Explicitly added H264 constrained baseline to list of supported formats.
[9760:2124:0505/110555.748:WARNING:host_resolver_dns_task.cc(863)] Address list empty after RFC3484 sort
[9760:2124:0505/110555.766:WARNING:host_resolver_dns_task.cc(863)] Address list empty after RFC3484 sort
[9760:2124:0505/110555.766:ERROR:socket_manager.cc(147)] Failed to resolve address for stun.cloudflare.com., errorcode: -105
[9760:2124:0505/110555.766:ERROR:socket_manager.cc(147)] Failed to resolve address for stun.cloudflare.com., errorcode: -105
[9760:2124:0505/110555.767:ERROR:socket_manager.cc(147)] Failed to resolve address for stun.cloudflare.com., errorcode: -105
[20976:29304:0505/110555.767:WARNING:stun_port.cc(442)] Port[3cbec00:0:1:0:host:Net[any:0:0:0:x:x:x:x:x/0:Wildcard:id=0]]: StunPort: stun host lookup received error -1
[20976:29304:0505/110555.767:WARNING:stun_port.cc(442)] Port[3d48c00:1:1:0:host:Net[any:0:0:0:x:x:x:x:x/0:Wildcard:id=0]]: StunPort: stun host lookup received error -1
[20976:29304:0505/110555.767:WARNING:stun_port.cc(442)] Port[3d49400:2:1:0:host:Net[any:0:0:0:x:x:x:x:x/0:Wildcard:id=0]]: StunPort: stun host lookup received error -1
[27944:15744:0505/110722.355:ERROR:cast_crl.cc(443)] CRL - Verification failed.
[27944:15744:0505/110812.674:ERROR:cast_crl.cc(443)] CRL - Verification failed.
[27944:15744:0505/110814.440:WARNING:browser_info.cc(345)] Returning a speculative frame for [62,9]
[27944:10040:0505/110814.498:WARNING:browser_info.cc(345)] Returning a speculative frame for [62,9]
[27944:10040:0505/110814.498:WARNING:browser_info.cc(345)] Returning a speculative frame for [62,9]
[27944:10040:0505/110814.498:WARNING:browser_info.cc(345)] Returning a speculative frame for [62,9]
[27944:10040:0505/110814.498:WARNING:browser_info.cc(345)] Returning a speculative frame for [62,9]
[23652:30160:0505/110816.906:WARNING:codec.cc(525)] Explicitly added H264 constrained baseline to list of supported formats.
[23652:30160:0505/110816.916:WARNING:codec.cc(525)] Explicitly added H264 constrained baseline to list of supported formats.
[23652:6696:0505/110816.923:WARNING:codec.cc(525)] Explicitly added H264 constrained baseline to list of supported formats.
[23652:6696:0505/110816.923:WARNING:codec.cc(525)] Explicitly added H264 constrained baseline to list of supported formats.
[23652:6696:0505/110816.923:WARNING:codec.cc(525)] Explicitly added H264 constrained baseline to list of supported formats.
[9760:2124:0505/110816.957:WARNING:host_resolver_dns_task.cc(863)] Address list empty after RFC3484 sort
[9760:2124:0505/110816.975:WARNING:host_resolver_dns_task.cc(863)] Address list empty after RFC3484 sort
[9760:2124:0505/110816.975:ERROR:socket_manager.cc(147)] Failed to resolve address for stun.cloudflare.com., errorcode: -105
[9760:2124:0505/110816.975:ERROR:socket_manager.cc(147)] Failed to resolve address for stun.cloudflare.com., errorcode: -105
[9760:2124:0505/110816.975:ERROR:socket_manager.cc(147)] Failed to resolve address for stun.cloudflare.com., errorcode: -105
[23652:6696:0505/110816.975:WARNING:stun_port.cc(442)] Port[3b20000:0:1:0:host:Net[any:0:0:0:x:x:x:x:x/0:Wildcard:id=0]]: StunPort: stun host lookup received error -1
[23652:6696:0505/110816.976:WARNING:stun_port.cc(442)] Port[3b20800:1:1:0:host:Net[any:0:0:0:x:x:x:x:x/0:Wildcard:id=0]]: StunPort: stun host lookup received error -1
[23652:6696:0505/110816.976:WARNING:stun_port.cc(442)] Port[3b21000:2:1:0:host:Net[any:0:0:0:x:x:x:x:x/0:Wildcard:id=0]]: StunPort: stun host lookup received error -1
[27944:15744:0505/110927.477:ERROR:cast_crl.cc(443)] CRL - Verification failed.
[27944:15744:0505/111036.447:WARNING:browser_info.cc(345)] Returning a speculative frame for [65,9]
[27944:10040:0505/111036.516:WARNING:browser_info.cc(345)] Returning a speculative frame for [65,9]
[27944:10040:0505/111036.516:WARNING:browser_info.cc(345)] Returning a speculative frame for [65,9]
[27944:10040:0505/111036.517:WARNING:browser_info.cc(345)] Returning a speculative frame for [65,9]
[27944:10040:0505/111036.517:WARNING:browser_info.cc(345)] Returning a speculative frame for [65,9]
[33828:4376:0505/111039.129:WARNING:codec.cc(525)] Explicitly added H264 constrained baseline to list of supported formats.
[33828:4376:0505/111039.138:WARNING:codec.cc(525)] Explicitly added H264 constrained baseline to list of supported formats.
[33828:24860:0505/111039.144:WARNING:codec.cc(525)] Explicitly added H264 constrained baseline to list of supported formats.
[33828:24860:0505/111039.144:WARNING:codec.cc(525)] Explicitly added H264 constrained baseline to list of supported formats.
[33828:24860:0505/111039.145:WARNING:codec.cc(525)] Explicitly added H264 constrained baseline to list of supported formats.
[9760:2124:0505/111039.175:WARNING:host_resolver_dns_task.cc(863)] Address list empty after RFC3484 sort
[9760:2124:0505/111039.193:WARNING:host_resolver_dns_task.cc(863)] Address list empty after RFC3484 sort
[9760:2124:0505/111039.193:ERROR:socket_manager.cc(147)] Failed to resolve address for stun.cloudflare.com., errorcode: -105
[9760:2124:0505/111039.193:ERROR:socket_manager.cc(147)] Failed to resolve address for stun.cloudflare.com., errorcode: -105
[9760:2124:0505/111039.193:ERROR:socket_manager.cc(147)] Failed to resolve address for stun.cloudflare.com., errorcode: -105
[33828:24860:0505/111039.193:WARNING:stun_port.cc(442)] Port[36f4c00:0:1:0:host:Net[any:0:0:0:x:x:x:x:x/0:Wildcard:id=0]]: StunPort: stun host lookup received error -1
[33828:24860:0505/111039.193:WARNING:stun_port.cc(442)] Port[36f5000:1:1:0:host:Net[any:0:0:0:x:x:x:x:x/0:Wildcard:id=0]]: StunPort: stun host lookup received error -1
[33828:24860:0505/111039.193:WARNING:stun_port.cc(442)] Port[36f5800:2:1:0:host:Net[any:0:0:0:x:x:x:x:x/0:Wildcard:id=0]]: StunPort: stun host lookup received error -1
[27944:15744:0505/111151.825:ERROR:cast_crl.cc(443)] CRL - Verification failed.
[27944:15744:0505/111258.451:WARNING:browser_info.cc(345)] Returning a speculative frame for [68,9]
[27944:10040:0505/111258.483:WARNING:browser_info.cc(345)] Returning a speculative frame for [68,9]
[27944:10040:0505/111258.483:WARNING:browser_info.cc(345)] Returning a speculative frame for [68,9]
[27944:10040:0505/111258.483:WARNING:browser_info.cc(345)] Returning a speculative frame for [68,9]
[27944:10040:0505/111258.483:WARNING:browser_info.cc(345)] Returning a speculative frame for [68,9]
[11068:31688:0505/111300.857:WARNING:codec.cc(525)] Explicitly added H264 constrained baseline to list of supported formats.
[11068:31688:0505/111300.873:WARNING:codec.cc(525)] Explicitly added H264 constrained baseline to list of supported formats.
[11068:7844:0505/111300.882:WARNING:codec.cc(525)] Explicitly added H264 constrained baseline to list of supported formats.
[11068:7844:0505/111300.882:WARNING:codec.cc(525)] Explicitly added H264 constrained baseline to list of supported formats.
[11068:7844:0505/111300.882:WARNING:codec.cc(525)] Explicitly added H264 constrained baseline to list of supported formats.
[9760:2124:0505/111300.965:WARNING:host_resolver_dns_task.cc(863)] Address list empty after RFC3484 sort
[9760:2124:0505/111300.984:WARNING:host_resolver_dns_task.cc(863)] Address list empty after RFC3484 sort
[9760:2124:0505/111300.984:ERROR:socket_manager.cc(147)] Failed to resolve address for stun.cloudflare.com., errorcode: -105
[9760:2124:0505/111300.984:ERROR:socket_manager.cc(147)] Failed to resolve address for stun.cloudflare.com., errorcode: -105
[9760:2124:0505/111300.984:ERROR:socket_manager.cc(147)] Failed to resolve address for stun.cloudflare.com., errorcode: -105
[11068:7844:0505/111300.984:WARNING:stun_port.cc(442)] Port[1ca1800:0:1:0:host:Net[any:0:0:0:x:x:x:x:x/0:Wildcard:id=0]]: StunPort: stun host lookup received error -1
[11068:7844:0505/111300.984:WARNING:stun_port.cc(442)] Port[3470c00:1:1:0:host:Net[any:0:0:0:x:x:x:x:x/0:Wildcard:id=0]]: StunPort: stun host lookup received error -1
[11068:7844:0505/111300.984:WARNING:stun_port.cc(442)] Port[3471400:2:1:0:host:Net[any:0:0:0:x:x:x:x:x/0:Wildcard:id=0]]: StunPort: stun host lookup received error -1
[27944:15744:0505/111520.434:WARNING:browser_info.cc(345)] Returning a speculative frame for [70,9]
[27944:10040:0505/111520.472:WARNING:browser_info.cc(345)] Returning a speculative frame for [70,9]
[27944:10040:0505/111520.472:WARNING:browser_info.cc(345)] Returning a speculative frame for [70,9]
[27944:10040:0505/111520.472:WARNING:browser_info.cc(345)] Returning a speculative frame for [70,9]
[27944:10040:0505/111520.472:WARNING:browser_info.cc(345)] Returning a speculative frame for [70,9]
[23492:27084:0505/111522.477:WARNING:codec.cc(525)] Explicitly added H264 constrained baseline to list of supported formats.
[23492:27084:0505/111522.488:WARNING:codec.cc(525)] Explicitly added H264 constrained baseline to list of supported formats.
[23492:29292:0505/111522.499:WARNING:codec.cc(525)] Explicitly added H264 constrained baseline to list of supported formats.
[23492:29292:0505/111522.499:WARNING:codec.cc(525)] Explicitly added H264 constrained baseline to list of supported formats.
[23492:29292:0505/111522.500:WARNING:codec.cc(525)] Explicitly added H264 constrained baseline to list of supported formats.
[9760:2124:0505/111522.536:WARNING:host_resolver_dns_task.cc(863)] Address list empty after RFC3484 sort
[9760:2124:0505/111522.560:WARNING:host_resolver_dns_task.cc(863)] Address list empty after RFC3484 sort
[9760:2124:0505/111522.561:ERROR:socket_manager.cc(147)] Failed to resolve address for stun.cloudflare.com., errorcode: -105
[9760:2124:0505/111522.561:ERROR:socket_manager.cc(147)] Failed to resolve address for stun.cloudflare.com., errorcode: -105
[9760:2124:0505/111522.561:ERROR:socket_manager.cc(147)] Failed to resolve address for stun.cloudflare.com., errorcode: -105
[23492:29292:0505/111522.561:WARNING:stun_port.cc(442)] Port[38db000:0:1:0:host:Net[any:0:0:0:x:x:x:x:x/0:Wildcard:id=0]]: StunPort: stun host lookup received error -1
[23492:29292:0505/111522.561:WARNING:stun_port.cc(442)] Port[38db800:1:1:0:host:Net[any:0:0:0:x:x:x:x:x/0:Wildcard:id=0]]: StunPort: stun host lookup received error -1
[23492:29292:0505/111522.561:WARNING:stun_port.cc(442)] Port[3a90000:2:1:0:host:Net[any:0:0:0:x:x:x:x:x/0:Wildcard:id=0]]: StunPort: stun host lookup received error -1
[27944:15744:0505/111655.905:ERROR:cast_crl.cc(443)] CRL - Verification failed.
[27944:15744:0505/111742.445:WARNING:browser_info.cc(345)] Returning a speculative frame for [71,9]
[27944:10040:0505/111742.500:WARNING:browser_info.cc(345)] Returning a speculative frame for [71,9]
[27944:10040:0505/111742.500:WARNING:browser_info.cc(345)] Returning a speculative frame for [71,9]
[27944:10040:0505/111742.500:WARNING:browser_info.cc(345)] Returning a speculative frame for [71,9]
[27944:10040:0505/111742.500:WARNING:browser_info.cc(345)] Returning a speculative frame for [71,9]
[29752:26412:0505/111744.833:WARNING:codec.cc(525)] Explicitly added H264 constrained baseline to list of supported formats.
[29752:26412:0505/111744.843:WARNING:codec.cc(525)] Explicitly added H264 constrained baseline to list of supported formats.
[29752:1464:0505/111744.853:WARNING:codec.cc(525)] Explicitly added H264 constrained baseline to list of supported formats.
[29752:1464:0505/111744.853:WARNING:codec.cc(525)] Explicitly added H264 constrained baseline to list of supported formats.
[29752:1464:0505/111744.854:WARNING:codec.cc(525)] Explicitly added H264 constrained baseline to list of supported formats.
[9760:2124:0505/111744.874:WARNING:host_resolver_dns_task.cc(863)] Address list empty after RFC3484 sort
[9760:2124:0505/111744.896:WARNING:host_resolver_dns_task.cc(863)] Address list empty after RFC3484 sort
[9760:2124:0505/111744.897:ERROR:socket_manager.cc(147)] Failed to resolve address for stun.cloudflare.com., errorcode: -105
[9760:2124:0505/111744.897:ERROR:socket_manager.cc(147)] Failed to resolve address for stun.cloudflare.com., errorcode: -105
[9760:2124:0505/111744.897:ERROR:socket_manager.cc(147)] Failed to resolve address for stun.cloudflare.com., errorcode: -105
[29752:1464:0505/111744.897:WARNING:stun_port.cc(442)] Port[30f8000:0:1:0:host:Net[any:0:0:0:x:x:x:x:x/0:Wildcard:id=0]]: StunPort: stun host lookup received error -1
[29752:1464:0505/111744.897:WARNING:stun_port.cc(442)] Port[3147000:1:1:0:host:Net[any:0:0:0:x:x:x:x:x/0:Wildcard:id=0]]: StunPort: stun host lookup received error -1
[29752:1464:0505/111744.897:WARNING:stun_port.cc(442)] Port[3147800:2:1:0:host:Net[any:0:0:0:x:x:x:x:x/0:Wildcard:id=0]]: StunPort: stun host lookup received error -1
[27944:15744:0505/112004.436:WARNING:browser_info.cc(345)] Returning a speculative frame for [73,9]
[27944:10040:0505/112004.474:WARNING:browser_info.cc(345)] Returning a speculative frame for [73,9]
[27944:10040:0505/112004.474:WARNING:browser_info.cc(345)] Returning a speculative frame for [73,9]
[27944:10040:0505/112004.474:WARNING:browser_info.cc(345)] Returning a speculative frame for [73,9]
[27944:10040:0505/112004.474:WARNING:browser_info.cc(345)] Returning a speculative frame for [73,9]
[33724:30036:0505/112007.106:WARNING:codec.cc(525)] Explicitly added H264 constrained baseline to list of supported formats.
[33724:30036:0505/112007.123:WARNING:codec.cc(525)] Explicitly added H264 constrained baseline to list of supported formats.
[33724:18192:0505/112007.132:WARNING:codec.cc(525)] Explicitly added H264 constrained baseline to list of supported formats.
[33724:18192:0505/112007.132:WARNING:codec.cc(525)] Explicitly added H264 constrained baseline to list of supported formats.
[33724:18192:0505/112007.132:WARNING:codec.cc(525)] Explicitly added H264 constrained baseline to list of supported formats.
[9760:2124:0505/112007.193:WARNING:host_resolver_dns_task.cc(863)] Address list empty after RFC3484 sort
[9760:2124:0505/112007.216:WARNING:host_resolver_dns_task.cc(863)] Address list empty after RFC3484 sort
[9760:2124:0505/112007.217:ERROR:socket_manager.cc(147)] Failed to resolve address for stun.cloudflare.com., errorcode: -105
[9760:2124:0505/112007.217:ERROR:socket_manager.cc(147)] Failed to resolve address for stun.cloudflare.com., errorcode: -105
[9760:2124:0505/112007.217:ERROR:socket_manager.cc(147)] Failed to resolve address for stun.cloudflare.com., errorcode: -105
[33724:18192:0505/112007.217:WARNING:stun_port.cc(442)] Port[1c7e000:0:1:0:host:Net[any:0:0:0:x:x:x:x:x/0:Wildcard:id=0]]: StunPort: stun host lookup received error -1
[33724:18192:0505/112007.217:WARNING:stun_port.cc(442)] Port[40bd000:1:1:0:host:Net[any:0:0:0:x:x:x:x:x/0:Wildcard:id=0]]: StunPort: stun host lookup received error -1
[33724:18192:0505/112007.217:WARNING:stun_port.cc(442)] Port[40bdc00:2:1:0:host:Net[any:0:0:0:x:x:x:x:x/0:Wildcard:id=0]]: StunPort: stun host lookup received error -1
[27944:15744:0505/112229.937:WARNING:browser_info.cc(345)] Returning a speculative frame for [74,9]
[27944:10040:0505/112230.265:WARNING:browser_info.cc(345)] Returning a speculative frame for [74,9]
[27944:10040:0505/112230.265:WARNING:browser_info.cc(345)] Returning a speculative frame for [74,9]
[27944:10040:0505/112230.265:WARNING:browser_info.cc(345)] Returning a speculative frame for [74,9]
[27944:10040:0505/112230.265:WARNING:browser_info.cc(345)] Returning a speculative frame for [74,9]
[33652:18948:0505/112235.266:WARNING:codec.cc(525)] Explicitly added H264 constrained baseline to list of supported formats.
[33652:18948:0505/112235.273:WARNING:codec.cc(525)] Explicitly added H264 constrained baseline to list of supported formats.
[33652:11952:0505/112235.283:WARNING:codec.cc(525)] Explicitly added H264 constrained baseline to list of supported formats.
[33652:11952:0505/112235.283:WARNING:codec.cc(525)] Explicitly added H264 constrained baseline to list of supported formats.
[33652:11952:0505/112235.283:WARNING:codec.cc(525)] Explicitly added H264 constrained baseline to list of supported formats.
[9760:2124:0505/112235.622:WARNING:host_resolver_dns_task.cc(863)] Address list empty after RFC3484 sort
[9760:2124:0505/112235.642:WARNING:host_resolver_dns_task.cc(863)] Address list empty after RFC3484 sort
[9760:2124:0505/112235.642:ERROR:socket_manager.cc(147)] Failed to resolve address for stun.cloudflare.com., errorcode: -105
[9760:2124:0505/112235.642:ERROR:socket_manager.cc(147)] Failed to resolve address for stun.cloudflare.com., errorcode: -105
[9760:2124:0505/112235.642:ERROR:socket_manager.cc(147)] Failed to resolve address for stun.cloudflare.com., errorcode: -105
[33652:11952:0505/112235.643:WARNING:stun_port.cc(442)] Port[35e8400:0:1:0:host:Net[any:0:0:0:x:x:x:x:x/0:Wildcard:id=0]]: StunPort: stun host lookup received error -1
[33652:11952:0505/112235.643:WARNING:stun_port.cc(442)] Port[35e8800:1:1:0:host:Net[any:0:0:0:x:x:x:x:x/0:Wildcard:id=0]]: StunPort: stun host lookup received error -1
[33652:11952:0505/112235.643:WARNING:stun_port.cc(442)] Port[35e9000:2:1:0:host:Net[any:0:0:0:x:x:x:x:x/0:Wildcard:id=0]]: StunPort: stun host lookup received error -1
[27944:10040:0505/112331.658:WARNING:pref_notifier_impl.cc(41)] Pref observer for media_router.cast_allow_all_ips found at shutdown.
